{"symbol": "BTCUSDT", "dataset": "aggTrades", "day": "2024-10-07", "status": 200, "bytes": 18674460, "url": "https://data.binance.vision/data/futures/um/daily/aggTrades/BTCUSDT/BTCUSDT-aggTrades-2024-10-07.zip"}
{"symbol": "BTCUSDT", "dataset": "trades", "day": "2024-10-07", "status": 200, "bytes": 31854063, "url": "https://data.binance.vision/data/futures/um/daily/trades/BTCUSDT/BTCUSDT-trades-2024-10-07.zip"}
{"symbol": "BTCUSDT", "dataset": "klines", "day": "2024-10-07", "status": 200, "bytes": 62633, "url": "https://data.binance.vision/data/futures/um/daily/klines/BTCUSDT/1m/BTCUSDT-1m-2024-10-07.zip"}
{"symbol": "BTCUSDT", "dataset": "markPriceKlines", "day": "2024-10-07", "status": 200, "bytes": 34464, "url": "https://data.binance.vision/data/futures/um/daily/markPriceKlines/BTCUSDT/1m/BTCUSDT-1m-2024-10-07.zip"}
{"symbol": "BTCUSDT", "dataset": "indexPriceKlines", "day": "2024-10-07", "status": 200, "bytes": 35940, "url": "https://data.binance.vision/data/futures/um/daily/indexPriceKlines/BTCUSDT/1m/BTCUSDT-1m-2024-10-07.zip"}
{"symbol": "BTCUSDT", "dataset": "premiumIndexKlines", "day": "2024-10-07", "status": 200, "bytes": 28557, "url": "https://data.binance.vision/data/futures/um/daily/premiumIndexKlines/BTCUSDT/1m/BTCUSDT-1m-2024-10-07.zip"}
{"symbol": "BTCUSDT", "dataset": "metrics", "day": "2024-10-07", "status": 200, "bytes": 11237, "url": "https://data.binance.vision/data/futures/um/daily/metrics/BTCUSDT/BTCUSDT-metrics-2024-10-07.zip"}
{"symbol": "BTCUSDT", "dataset": "bookDepth", "day": "2024-10-07", "status": 200, "bytes": 466314, "url": "https://data.binance.vision/data/futures/um/daily/bookDepth/BTCUSDT/BTCUSDT-bookDepth-2024-10-07.zip"}
{"symbol": "BTCUSDT", "dataset": "bookTicker", "day": "2024-10-07", "error": "404 Client Error: Not Found for url: https://data.binance.vision/data/futures/um/daily/bookTicker/BTCUSDT/BTCUSDT-bookTicker-2024-10-07.zip", "url": "https://data.binance.vision/data/futures/um/daily/bookTicker/BTCUSDT/BTCUSDT-bookTicker-2024-10-07.zip"}
{"symbol": "BTCUSDT", "dataset": "liquidationSnapshot", "day": "2024-10-07", "error": "404 Client Error: Not Found for url: https://data.binance.vision/data/futures/um/daily/liquidationSnapshot/BTCUSDT/BTCUSDT-liquidationSnapshot-2024-10-07.zip", "url": "https://data.binance.vision/data/futures/um/daily/liquidationSnapshot/BTCUSDT/BTCUSDT-liquidationSnapshot-2024-10-07.zip"}
{"symbol": "ETHUSDT", "dataset": "aggTrades", "day": "2024-10-07", "status": 200, "bytes": 16478397, "url": "https://data.binance.vision/data/futures/um/daily/aggTrades/ETHUSDT/ETHUSDT-aggTrades-2024-10-07.zip"}
{"symbol": "ETHUSDT", "dataset": "trades", "day": "2024-10-07", "status": 200, "bytes": 36227290, "url": "https://data.binance.vision/data/futures/um/daily/trades/ETHUSDT/ETHUSDT-trades-2024-10-07.zip"}
{"symbol": "ETHUSDT", "dataset": "klines", "day": "2024-10-07", "status": 200, "bytes": 63539, "url": "https://data.binance.vision/data/futures/um/daily/klines/ETHUSDT/1m/ETHUSDT-1m-2024-10-07.zip"}
{"symbol": "ETHUSDT", "dataset": "markPriceKlines", "day": "2024-10-07", "status": 200, "bytes": 32430, "url": "https://data.binance.vision/data/futures/um/daily/markPriceKlines/ETHUSDT/1m/ETHUSDT-1m-2024-10-07.zip"}
{"symbol": "ETHUSDT", "dataset": "indexPriceKlines", "day": "2024-10-07", "status": 200, "bytes": 31470, "url": "https://data.binance.vision/data/futures/um/daily/indexPriceKlines/ETHUSDT/1m/ETHUSDT-1m-2024-10-07.zip"}
{"symbol": "ETHUSDT", "dataset": "premiumIndexKlines", "day": "2024-10-07", "status": 200, "bytes": 28757, "url": "https://data.binance.vision/data/futures/um/daily/premiumIndexKlines/ETHUSDT/1m/ETHUSDT-1m-2024-10-07.zip"}
{"symbol": "ETHUSDT", "dataset": "metrics", "day": "2024-10-07", "status": 200, "bytes": 11692, "url": "https://data.binance.vision/data/futures/um/daily/metrics/ETHUSDT/ETHUSDT-metrics-2024-10-07.zip"}
{"symbol": "ETHUSDT", "dataset": "bookDepth", "day": "2024-10-07", "status": 200, "bytes": 492669, "url": "https://data.binance.vision/data/futures/um/daily/bookDepth/ETHUSDT/ETHUSDT-bookDepth-2024-10-07.zip"}
{"symbol": "ETHUSDT", "dataset": "bookTicker", "day": "2024-10-07", "error": "404 Client Error: Not Found for url: https://data.binance.vision/data/futures/um/daily/bookTicker/ETHUSDT/ETHUSDT-bookTicker-2024-10-07.zip", "url": "https://data.binance.vision/data/futures/um/daily/bookTicker/ETHUSDT/ETHUSDT-bookTicker-2024-10-07.zip"}
{"symbol": "ETHUSDT", "dataset": "liquidationSnapshot", "day": "2024-10-07", "error": "404 Client Error: Not Found for url: https://data.binance.vision/data/futures/um/daily/liquidationSnapshot/ETHUSDT/ETHUSDT-liquidationSnapshot-2024-10-07.zip", "url": "https://data.binance.vision/data/futures/um/daily/liquidationSnapshot/ETHUSDT/ETHUSDT-liquidationSnapshot-2024-10-07.zip"}
{"symbol": "SOLUSDT", "dataset": "aggTrades", "day": "2024-10-07", "status": 200, "bytes": 9495931, "url": "https://data.binance.vision/data/futures/um/daily/aggTrades/SOLUSDT/SOLUSDT-aggTrades-2024-10-07.zip"}
{"symbol": "SOLUSDT", "dataset": "trades", "day": "2024-10-07", "status": 200, "bytes": 13856642, "url": "https://data.binance.vision/data/futures/um/daily/trades/SOLUSDT/SOLUSDT-trades-2024-10-07.zip"}
{"symbol": "SOLUSDT", "dataset": "klines", "day": "2024-10-07", "status": 200, "bytes": 55008, "url": "https://data.binance.vision/data/futures/um/daily/klines/SOLUSDT/1m/SOLUSDT-1m-2024-10-07.zip"}
{"symbol": "SOLUSDT", "dataset": "markPriceKlines", "day": "2024-10-07", "status": 200, "bytes": 32045, "url": "https://data.binance.vision/data/futures/um/daily/markPriceKlines/SOLUSDT/1m/SOLUSDT-1m-2024-10-07.zip"}
{"symbol": "SOLUSDT", "dataset": "indexPriceKlines", "day": "2024-10-07", "status": 200, "bytes": 38848, "url": "https://data.binance.vision/data/futures/um/daily/indexPriceKlines/SOLUSDT/1m/SOLUSDT-1m-2024-10-07.zip"}
{"symbol": "SOLUSDT", "dataset": "premiumIndexKlines", "day": "2024-10-07", "status": 200, "bytes": 29044, "url": "https://data.binance.vision/data/futures/um/daily/premiumIndexKlines/SOLUSDT/1m/SOLUSDT-1m-2024-10-07.zip"}
{"symbol": "SOLUSDT", "dataset": "metrics", "day": "2024-10-07", "status": 200, "bytes": 10909, "url": "https://data.binance.vision/data/futures/um/daily/metrics/SOLUSDT/SOLUSDT-metrics-2024-10-07.zip"}
{"symbol": "SOLUSDT", "dataset": "bookDepth", "day": "2024-10-07", "status": 200, "bytes": 410028, "url": "https://data.binance.vision/data/futures/um/daily/bookDepth/SOLUSDT/SOLUSDT-bookDepth-2024-10-07.zip"}
{"symbol": "SOLUSDT", "dataset": "bookTicker", "day": "2024-10-07", "error": "404 Client Error: Not Found for url: https://data.binance.vision/data/futures/um/daily/bookTicker/SOLUSDT/SOLUSDT-bookTicker-2024-10-07.zip", "url": "https://data.binance.vision/data/futures/um/daily/bookTicker/SOLUSDT/SOLUSDT-bookTicker-2024-10-07.zip"}
{"symbol": "SOLUSDT", "dataset": "liquidationSnapshot", "day": "2024-10-07", "error": "404 Client Error: Not Found for url: https://data.binance.vision/data/futures/um/daily/liquidationSnapshot/SOLUSDT/SOLUSDT-liquidationSnapshot-2024-10-07.zip", "url": "https://data.binance.vision/data/futures/um/daily/liquidationSnapshot/SOLUSDT/SOLUSDT-liquidationSnapshot-2024-10-07.zip"}
